起点: 143 根; 候选池: 432; 模式: swap
当前 J=132.54 (零阶 173, 加权 11.19bp, D1 877)

-- 第1轮 top6 --
  +阝: J=121.93 (Δ-10.61) 零阶157 加权10.45bp D1 864
  +⻏: J=121.93 (Δ-10.61) 零阶157 加权10.45bp D1 864
  +⻖: J=121.93 (Δ-10.61) 零阶157 加权10.45bp D1 864
  +𠂉: J=124.34 (Δ-8.20) 零阶160 加权10.91bp D1 872
  +: J=124.34 (Δ-8.20) 零阶160 加权10.91bp D1 872
  +: J=124.87 (Δ-7.67) 零阶164 加权8.98bp D1 874
√ 采纳 +阝 → 144 根, J=121.93

-- 第2轮 top6 --
  +: J=114.85 (Δ-7.07) 零阶149 加权8.24bp D1 861
  +㇏: J=114.90 (Δ-7.03) 零阶146 加权10.33bp D1 848
  +𠂉: J=115.61 (Δ-6.32) 零阶147 加权10.25bp D1 858
  +: J=115.61 (Δ-6.32) 零阶147 加权10.25bp D1 858
  +: J=115.64 (Δ-6.29) 零阶147 加权10.25bp D1 859
  +刂: J=117.42 (Δ-4.51) 零阶150 加权10.38bp D1 852
√ 采纳 + → 145 根, J=114.85

-- 第3轮 top6 --
  +㇏: J=107.82 (Δ-7.03) 零阶138 加权8.12bp D1 845
  +𠂉: J=108.54 (Δ-6.32) 零阶139 加权8.04bp D1 855
  +: J=108.54 (Δ-6.32) 零阶139 加权8.04bp D1 855
  +: J=108.56 (Δ-6.29) 零阶139 加权8.04bp D1 856
  +刂: J=110.34 (Δ-4.51) 零阶142 加权8.17bp D1 849
  +⺉: J=110.34 (Δ-4.51) 零阶142 加权8.17bp D1 849
√ 采纳 +㇏ → 146 根, J=107.82

-- 第4轮 top6 --
  +𠂉: J=101.51 (Δ-6.32) 零阶128 加权7.92bp D1 839
  +: J=101.51 (Δ-6.32) 零阶128 加权7.92bp D1 839
  +: J=101.53 (Δ-6.29) 零阶128 加权7.92bp D1 840
  +刂: J=103.31 (Δ-4.51) 零阶131 加权8.05bp D1 833
  +⺉: J=103.31 (Δ-4.51) 零阶131 加权8.05bp D1 833
  +㇒: J=104.07 (Δ-3.76) 零阶132 加权8.09bp D1 839
√ 采纳 +𠂉 → 147 根, J=101.51

-- 第5轮 top6 --
  +刂: J=96.99 (Δ-4.51) 零阶121 加权7.85bp D1 827
  +⺉: J=96.99 (Δ-4.51) 零阶121 加权7.85bp D1 827
  +亅: J=98.27 (Δ-3.24) 零阶123 加权7.89bp D1 829
  +𰀁: J=99.50 (Δ-2.00) 零阶127 加权6.58bp D1 836
  +羊: J=99.55 (Δ-1.95) 零阶127 加权6.58bp D1 838
  +于: J=99.56 (Δ-1.95) 零阶125 加权7.88bp D1 834
√ 采纳 +刂 → 148 根, J=96.99

-- 第6轮 top6 --
  +𰀁: J=95.01 (Δ-1.98) 零阶120 加权6.51bp D1 825
  +羊: J=95.04 (Δ-1.95) 零阶120 加权6.51bp D1 826
  +匚: J=95.11 (Δ-1.88) 零阶118 加权7.76bp D1 827
  +匸: J=95.12 (Δ-1.88) 零阶118 加权7.76bp D1 828
  +㇒: J=95.12 (Δ-1.87) 零阶118 加权7.84bp D1 824
  +: J=95.14 (Δ-1.85) 零阶118 加权7.84bp D1 825
√ 采纳 +𰀁 → 149 根, J=95.01

-- 第7轮 top6 --
  +匚: J=93.12 (Δ-1.89) 零阶117 加权6.43bp D1 825
  +匸: J=93.13 (Δ-1.88) 零阶117 加权6.43bp D1 825
  +㇒: J=93.14 (Δ-1.87) 零阶117 加权6.51bp D1 822
  +: J=93.16 (Δ-1.85) 零阶117 加权6.50bp D1 823
  +付: J=93.26 (Δ-1.75) 零阶118 加权6.00bp D1 823
  +尚: J=93.39 (Δ-1.62) 零阶118 加权6.13bp D1 823
√ 采纳 +匚 → 150 根, J=93.12

-- 第8轮 top6 --
  +㇒: J=91.26 (Δ-1.87) 零阶114 加权6.42bp D1 822
  +: J=91.27 (Δ-1.85) 零阶114 加权6.42bp D1 823
  +付: J=91.37 (Δ-1.75) 零阶115 加权5.91bp D1 823
  +尚: J=91.50 (Δ-1.62) 零阶115 加权6.05bp D1 823
  +兄: J=91.69 (Δ-1.43) 零阶116 加权5.60bp D1 825
  +音: J=91.70 (Δ-1.43) 零阶116 加权5.60bp D1 825
√ 采纳 +㇒ → 151 根, J=91.26
起点: 151 根; 候选池: 424; 模式: swap
当前 J=91.26 (零阶 114, 加权 6.42bp, D1 822)

-- 第1轮 top6 --
  +: J=89.41 (Δ-1.85) 零阶111 加权6.41bp D1 820
  +付: J=89.50 (Δ-1.75) 零阶112 加权5.91bp D1 820
  +尚: J=89.63 (Δ-1.62) 零阶112 加权6.04bp D1 820
  +兄: J=89.83 (Δ-1.43) 零阶113 加权5.60bp D1 822
  +音: J=89.83 (Δ-1.43) 零阶113 加权5.60bp D1 822
  +介: J=89.86 (Δ-1.40) 零阶112 加权6.27bp D1 819
√ 采纳 + → 152 根, J=89.41

-- 第2轮 top6 --
  +付: J=87.65 (Δ-1.75) 零阶109 加权5.90bp D1 818
  +尚: J=87.78 (Δ-1.62) 零阶109 加权6.03bp D1 818
  +兄: J=87.98 (Δ-1.43) 零阶110 加权5.59bp D1 819
  +音: J=87.98 (Δ-1.43) 零阶110 加权5.59bp D1 820
  +介: J=88.01 (Δ-1.40) 零阶109 加权6.26bp D1 817
  +: J=88.04 (Δ-1.37) 零阶109 加权6.26bp D1 819
√ 采纳 +付 → 153 根, J=87.65

-- 第3轮 top6 --
  +尚: J=86.03 (Δ-1.62) 零阶107 加权5.52bp D1 816
  +兄: J=86.22 (Δ-1.43) 零阶108 加权5.08bp D1 817
  +音: J=86.23 (Δ-1.43) 零阶108 加权5.08bp D1 818
  +介: J=86.26 (Δ-1.40) 零阶107 加权5.75bp D1 815
  +: J=86.28 (Δ-1.37) 零阶107 加权5.75bp D1 817
  +𰆊: J=86.28 (Δ-1.37) 零阶107 加权5.75bp D1 817
√ 采纳 +尚 → 154 根, J=86.03

-- 第4轮 top6 --
  +兄: J=84.60 (Δ-1.43) 零阶106 加权4.70bp D1 815
  +音: J=84.60 (Δ-1.43) 零阶106 加权4.70bp D1 815
  +介: J=84.63 (Δ-1.40) 零阶105 加权5.37bp D1 813
  +: J=84.66 (Δ-1.37) 零阶105 加权5.37bp D1 815
  +𰆊: J=84.66 (Δ-1.37) 零阶105 加权5.37bp D1 815
  +高: J=84.78 (Δ-1.26) 零阶105 加权5.50bp D1 814
√ 采纳 +兄 → 155 根, J=84.60

-- 第5轮 top6 --
  +介: J=83.20 (Δ-1.40) 零阶104 加权4.55bp D1 813
  +: J=83.23 (Δ-1.37) 零阶104 加权4.55bp D1 814
  +𰆊: J=83.23 (Δ-1.37) 零阶104 加权4.55bp D1 814
  +高: J=83.35 (Δ-1.26) 零阶104 加权4.68bp D1 813
  +: J=83.35 (Δ-1.25) 零阶104 加权4.69bp D1 813
  +勺: J=83.36 (Δ-1.25) 零阶104 加权4.70bp D1 813
√ 采纳 +介 → 156 根, J=83.20

-- 第6轮 top6 --
  +高: J=81.95 (Δ-1.26) 零阶102 加权4.53bp D1 811
  +: J=81.95 (Δ-1.25) 零阶102 加权4.54bp D1 811
  +勺: J=81.96 (Δ-1.25) 零阶102 加权4.55bp D1 810
  +: J=81.96 (Δ-1.24) 零阶102 加权4.55bp D1 811
  +𠂇: J=81.97 (Δ-1.24) 零阶102 加权4.53bp D1 812
  +: J=81.97 (Δ-1.24) 零阶102 加权4.53bp D1 812
√ 采纳 +高 → 157 根, J=81.95

-- 第7轮 top6 --
  +: J=80.69 (Δ-1.25) 零阶100 加权4.52bp D1 809
  +勺: J=80.70 (Δ-1.25) 零阶100 加权4.53bp D1 809
  +: J=80.71 (Δ-1.24) 零阶100 加权4.53bp D1 809
  +𠂇: J=80.71 (Δ-1.24) 零阶100 加权4.52bp D1 810
  +: J=80.71 (Δ-1.24) 零阶100 加权4.52bp D1 810
  +耂: J=80.73 (Δ-1.22) 零阶100 加权4.51bp D1 811
√ 采纳 + → 158 根, J=80.69

-- 第8轮 top6 --
  +勺: J=79.45 (Δ-1.25) 零阶98 加权4.52bp D1 806
  +: J=79.45 (Δ-1.24) 零阶98 加权4.52bp D1 807
  +𠂇: J=79.46 (Δ-1.24) 零阶98 加权4.51bp D1 808
  +: J=79.46 (Δ-1.24) 零阶98 加权4.51bp D1 808
  +耂: J=79.47 (Δ-1.22) 零阶98 加权4.50bp D1 808
  +厉: J=79.73 (Δ-0.96) 零阶99 加权4.16bp D1 808
√ 采纳 +勺 → 159 根, J=79.45

-- 第9轮 top6 --
  +: J=78.21 (Δ-1.24) 零阶96 加权4.52bp D1 804
  +𠂇: J=78.21 (Δ-1.24) 零阶96 加权4.51bp D1 805
  +: J=78.21 (Δ-1.24) 零阶96 加权4.51bp D1 805
  +耂: J=78.23 (Δ-1.22) 零阶96 加权4.50bp D1 806
  +厉: J=78.48 (Δ-0.96) 零阶97 加权4.16bp D1 806
  +各: J=78.56 (Δ-0.89) 零阶97 加权4.26bp D1 805
√ 采纳 + → 160 根, J=78.21

-- 第10轮 top6 --
  +𠂇: J=76.97 (Δ-1.24) 零阶94 加权4.50bp D1 803
  +: J=76.97 (Δ-1.24) 零阶94 加权4.50bp D1 803
  +耂: J=76.99 (Δ-1.22) 零阶94 加权4.50bp D1 804
  +厉: J=77.25 (Δ-0.96) 零阶95 加权4.16bp D1 804
  +各: J=77.32 (Δ-0.89) 零阶95 加权4.26bp D1 803
  +言: J=77.46 (Δ-0.75) 零阶95 加权4.42bp D1 802
√ 采纳 +𠂇 → 161 根, J=76.97
起点: 161 根; 候选池: 414; 模式: swap
当前 J=76.97 (零阶 94, 加权 4.50bp, D1 803)
起点: 161 根; 候选池: 414; 模式: swap
当前 J=76.97 (零阶 94, 加权 4.50bp, D1 803)

-- 第1轮 top6 --
  +厉: J=76.01 (Δ-0.96) 零阶93 加权4.15bp D1 803
  +各: J=76.09 (Δ-0.89) 零阶93 加权4.25bp D1 802
  +言: J=76.23 (Δ-0.75) 零阶93 加权4.41bp D1 801
  +爫: J=76.30 (Δ-0.67) 零阶93 加权4.44bp D1 803
  +⺤: J=76.30 (Δ-0.67) 零阶93 加权4.44bp D1 803
  +固: J=76.30 (Δ-0.67) 零阶93 加权4.50bp D1 800
√ 采纳 +厉 → 162 根, J=76.01

-- 第2轮 top6 --
  +各: J=75.12 (Δ-0.89) 零阶92 加权3.89bp D1 802
  +言: J=75.26 (Δ-0.75) 零阶92 加权4.05bp D1 801
  +爫: J=75.34 (Δ-0.67) 零阶92 加权4.08bp D1 803
  +⺤: J=75.34 (Δ-0.67) 零阶92 加权4.08bp D1 803
  +固: J=75.34 (Δ-0.67) 零阶92 加权4.14bp D1 800
  +㇈: J=75.35 (Δ-0.66) 零阶92 加权4.13bp D1 801
√ 采纳 +各 → 163 根, J=75.12

-- 第3轮 top6 --
  +言: J=74.38 (Δ-0.75) 零阶91 加权3.80bp D1 799
  +爫: J=74.45 (Δ-0.67) 零阶91 加权3.83bp D1 801
  +⺤: J=74.45 (Δ-0.67) 零阶91 加权3.83bp D1 801
  +固: J=74.45 (Δ-0.67) 零阶91 加权3.89bp D1 798
  +㇈: J=74.46 (Δ-0.66) 零阶91 加权3.88bp D1 799
  +: J=74.46 (Δ-0.66) 零阶91 加权3.85bp D1 800
√ 采纳 +言 → 164 根, J=74.38

-- 第4轮 top6 --
  +爫: J=73.71 (Δ-0.67) 零阶90 加权3.73bp D1 799
  +⺤: J=73.71 (Δ-0.67) 零阶90 加权3.73bp D1 799
  +固: J=73.71 (Δ-0.67) 零阶90 加权3.79bp D1 796
  +㇈: J=73.71 (Δ-0.66) 零阶90 加权3.78bp D1 797
  +: J=73.72 (Δ-0.66) 零阶90 加权3.76bp D1 798
  +⻗: J=73.72 (Δ-0.66) 零阶90 加权3.76bp D1 798
√ 采纳 +爫 → 165 根, J=73.71

-- 第5轮 top6 --
  +固: J=73.03 (Δ-0.67) 零阶89 加权3.73bp D1 795
  +㇈: J=73.04 (Δ-0.66) 零阶89 加权3.72bp D1 796
  +: J=73.04 (Δ-0.66) 零阶89 加权3.69bp D1 798
  +⻗: J=73.04 (Δ-0.66) 零阶89 加权3.69bp D1 798
  +死: J=73.06 (Δ-0.65) 零阶89 加权3.69bp D1 798
  +耳: J=73.06 (Δ-0.65) 零阶89 加权3.69bp D1 798
√ 采纳 +固 → 166 根, J=73.03

-- 第6轮 top6 --
  +㇈: J=72.37 (Δ-0.66) 零阶88 加权3.71bp D1 793
  +: J=72.37 (Δ-0.66) 零阶88 加权3.69bp D1 794
  +⻗: J=72.37 (Δ-0.66) 零阶88 加权3.69bp D1 794
  +死: J=72.39 (Δ-0.65) 零阶88 加权3.69bp D1 795
  +耳: J=72.39 (Δ-0.65) 零阶88 加权3.69bp D1 795
  +于: J=72.39 (Δ-0.64) 零阶88 加权3.73bp D1 793
√ 采纳 +㇈ → 167 根, J=72.37

-- 第7轮 top6 --
  +: J=71.71 (Δ-0.66) 零阶87 加权3.68bp D1 792
  +⻗: J=71.71 (Δ-0.66) 零阶87 加权3.68bp D1 792
  +死: J=71.72 (Δ-0.65) 零阶87 加权3.67bp D1 793
  +耳: J=71.73 (Δ-0.65) 零阶87 加权3.68bp D1 792
  +于: J=71.73 (Δ-0.64) 零阶87 加权3.71bp D1 791
  +玉: J=71.73 (Δ-0.64) 零阶87 加权3.69bp D1 792
√ 采纳 + → 168 根, J=71.71

-- 第8轮 top6 --
  +死: J=71.06 (Δ-0.65) 零阶86 加权3.64bp D1 791
  +于: J=71.07 (Δ-0.64) 零阶86 加权3.68bp D1 790
  +玉: J=71.07 (Δ-0.64) 零阶86 加权3.65bp D1 791
  +谷: J=71.08 (Δ-0.63) 零阶86 加权3.68bp D1 790
  +斤: J=71.08 (Δ-0.63) 零阶86 加权3.67bp D1 790
  +齐: J=71.08 (Δ-0.63) 零阶86 加权3.67bp D1 790
√ 采纳 +死 → 169 根, J=71.06

-- 第9轮 top6 --
  +于: J=70.42 (Δ-0.64) 零阶85 加权3.64bp D1 789
  +玉: J=70.42 (Δ-0.64) 零阶85 加权3.61bp D1 790
  +谷: J=70.43 (Δ-0.63) 零阶85 加权3.64bp D1 790
  +斤: J=70.43 (Δ-0.63) 零阶85 加权3.64bp D1 790
  +齐: J=70.43 (Δ-0.63) 零阶85 加权3.64bp D1 790
  +凡: J=70.43 (Δ-0.63) 零阶85 加权3.61bp D1 791
√ 采纳 +于 → 170 根, J=70.42

-- 第10轮 top6 --
  +玉: J=69.78 (Δ-0.64) 零阶84 加权3.61bp D1 788
  +谷: J=69.79 (Δ-0.63) 零阶84 加权3.64bp D1 788
  +斤: J=69.79 (Δ-0.63) 零阶84 加权3.64bp D1 788
  +齐: J=69.79 (Δ-0.63) 零阶84 加权3.64bp D1 788
  +凡: J=69.79 (Δ-0.63) 零阶84 加权3.61bp D1 789
  +⺋: J=69.79 (Δ-0.63) 零阶84 加权3.64bp D1 788
√ 采纳 +玉 → 171 根, J=69.78

-- 第11轮 top6 --
  +谷: J=69.15 (Δ-0.63) 零阶83 加权3.61bp D1 787
  +斤: J=69.15 (Δ-0.63) 零阶83 加权3.61bp D1 787
  +齐: J=69.15 (Δ-0.63) 零阶83 加权3.61bp D1 787
  +⺋: J=69.15 (Δ-0.63) 零阶83 加权3.61bp D1 787
  +㔾: J=69.15 (Δ-0.63) 零阶83 加权3.61bp D1 787
  +甫: J=69.15 (Δ-0.63) 零阶83 加权3.61bp D1 787
√ 采纳 +谷 → 172 根, J=69.15

-- 第12轮 top6 --
  +斤: J=68.51 (Δ-0.63) 零阶82 加权3.61bp D1 785
  +齐: J=68.51 (Δ-0.63) 零阶82 加权3.61bp D1 785
  +⺋: J=68.52 (Δ-0.63) 零阶82 加权3.61bp D1 785
  +㔾: J=68.52 (Δ-0.63) 零阶82 加权3.61bp D1 785
  +甫: J=68.52 (Δ-0.63) 零阶82 加权3.61bp D1 785
  +糸: J=68.52 (Δ-0.63) 零阶82 加权3.60bp D1 786
√ 采纳 +斤 → 173 根, J=68.51

-- 第13轮 top6 --
  +⺋: J=67.88 (Δ-0.63) 零阶81 加权3.61bp D1 784
  +㔾: J=67.88 (Δ-0.63) 零阶81 加权3.61bp D1 784
  +甫: J=67.89 (Δ-0.63) 零阶81 加权3.61bp D1 784
  +糸: J=67.89 (Δ-0.63) 零阶81 加权3.60bp D1 784
  +肖: J=67.89 (Δ-0.62) 零阶81 加权3.60bp D1 784
  +兼: J=67.89 (Δ-0.62) 零阶81 加权3.61bp D1 784
√ 采纳 +⺋ → 174 根, J=67.88
